// Jest Snapshot v1, https://goo.gl/fbAQLP

exports[`<AutoCompleteInput /> test Should render input 1`] = `
<div
  className="ui centered grid"
>
  <div
    className="sixteen wide column"
  >
    <div
      className="ui category search"
      onBlur={[Function]}
      onFocus={[Function]}
      onMouseDown={[Function]}
    >
      <div
        className="ui icon input"
      >
        <input
          autoComplete="off"
          className="prompt"
          disabled={undefined}
          onChange={[Function]}
          onClick={[Function]}
          tabIndex="0"
          type="text"
          value=""
        />
        <i
          aria-hidden="true"
          className="search icon"
        />
      </div>
      <div
        className="results transition"
      >
        <div
          className="message empty"
        >
          <div
            className="header"
          >
            No results found.
          </div>
        </div>
      </div>
    </div>
  </div>
</div>
`;
