// Jest Snapshot v1, https://goo.gl/fbAQLP

exports[`<App /> test Should render component 1`] = `
<div
  className="ui vertical segment"
  style={
    Object {
      "padding": "8em 0",
    }
  }
>
  <div
    className="ui container"
  >
    <h1>
      Properties Search
    </h1>
    <div
      className="ui centered grid"
    >
      <div
        className="sixteen wide column"
      >
        <form
          action={undefined}
          className="ui form"
          onSubmit={[Function]}
        >
          <div
            className="ui action input"
          >
            <input
              disabled={undefined}
              onChange={[Function]}
              placeholder="Search"
              tabIndex={undefined}
              type="text"
              value=""
            />
            <button
              className="ui icon button"
              disabled={undefined}
              onClick={[Function]}
              role="button"
              tabIndex={undefined}
            >
              <i
                aria-hidden="true"
                className="search icon"
              />
            </button>
          </div>
        </form>
      </div>
    </div>
    <div
      className="ui segment"
    >
      No results found.
    </div>
  </div>
</div>
`;
